// Jest Snapshot v1, https://goo.gl/fbAQLP

exports[`Container should render correctly 1`] = `
<EmotionCssPropInternal
  __EMOTION_LABEL_PLEASE_DO_NOT_USE__="Container"
  __EMOTION_TYPE_PLEASE_DO_NOT_USE__="div"
  css={
    Object {
      "map": undefined,
      "name": "kcztdl",
      "next": undefined,
      "styles": "position:absolute;top:0;bottom:0;right:0;left:0;left:50%;top:50%;transform:translate(-50%, -50%);@media (max-width: 420px){width:100%;};overflow-y:scroll;;",
      "toString": [Function],
    }
  }
>
  <div
    className="foo"
  >
    Bar
  </div>
</EmotionCssPropInternal>
`;
